// Jest Snapshot v1, https://goo.gl/fbAQLP

exports[`renders correctly 1`] = `
<Component
  count={1}
  onDecrement={[Function]}
  onIncrement={[Function]}
/>
`;
